// Jest Snapshot v1, https://goo.gl/fbAQLP

exports[`Header Component renders correctly 1`] = `
<View>
  <Header
    leftElement={
      <Unknown
        onPress={[Function]}
      />
    }
    rightElement={false}
  />
  <ContentPadding
    padding={Object {}}
    style={Object {}}
  >
    <Text
      color="blackColor"
      markdown={false}
      markdownStyle={Object {}}
      style={
        Object {
          "color": "#ffffff",
          "marginBottom": 6,
          "marginTop": 4,
        }
      }
      type="h1"
    >
      Showing
    </Text>
    <View
      style={
        Object {
          "height": 44,
          "marginBottom": 16,
          "width": "100%",
        }
      }
    >
      <CategoriesPills
        selectedCategories={Set {}}
        style={Object {}}
      />
    </View>
  </ContentPadding>
</View>
`;
