// Jest Snapshot v1, https://goo.gl/fbAQLP

exports[`SponsorLogo Component renders correctly with Gold Level 1`] = `
<View
  style={
    Object {
      "height": "48%",
      "width": "75%",
    }
  }
>
  <Connect(Image)
    accessibilityLabel="sponsorName"
    reference={
      Object {
        "sys": Object {
          "id": "n2IQ6opic1Pj8",
        },
      }
    }
    resizeMode="contain"
    style={
      Object {
        "maxHeight": "100%",
        "maxWidth": "100%",
      }
    }
  />
</View>
`;

exports[`SponsorLogo Component renders correctly with Silver Level 1`] = `
<View
  style={
    Object {
      "height": "48%",
      "width": "80%",
    }
  }
>
  <Connect(Image)
    accessibilityLabel="sponsorName"
    reference={
      Object {
        "sys": Object {
          "id": "n2IQ6opic1Pj8",
        },
      }
    }
    resizeMode="contain"
    style={
      Object {
        "maxHeight": "100%",
        "maxWidth": "100%",
      }
    }
  />
</View>
`;
