// Jest Snapshot v1, https://goo.gl/fbAQLP

exports[`renders correctly when showing 1`] = `
<View
  style={
    Object {
      "bottom": "10%",
      "position": "absolute",
    }
  }
>
  <View>
    <Text
      color="blackColor"
      markdown={false}
      markdownStyle={Object {}}
      style={
        Object {
          "color": "#ffffff",
          "textAlign": "center",
        }
      }
      type="h1"
    >
      It's not you, it's wifi!
    </Text>
  </View>
  <View
    style={Object {}}
  >
    <Text
      color="blackColor"
      markdown={false}
      markdownStyle={Object {}}
      style={
        Object {
          "color": "#ffffff",
          "padding": 20,
          "textAlign": "center",
        }
      }
      type="h2"
    >
      We can't find a good connection - please try again when you connection is restored
    </Text>
  </View>
  <ContentPadding
    padding={Object {}}
    style={
      Object {
        "alignSelf": "stretch",
        "minHeight": 48,
      }
    }
  >
    <Button
      disabled={false}
      onPress={[Function]}
    >
      Try again
    </Button>
  </ContentPadding>
</View>
`;

exports[`renders correctly when with no data 1`] = `
<View
  style={
    Object {
      "bottom": "10%",
      "position": "absolute",
    }
  }
>
  <View>
    <Text
      color="blackColor"
      markdown={false}
      markdownStyle={Object {}}
      style={
        Object {
          "color": "#ffffff",
          "textAlign": "center",
        }
      }
      type="h1"
    >
      It's not you, it's wifi!
    </Text>
  </View>
  <View
    style={Object {}}
  >
    <Text
      color="blackColor"
      markdown={false}
      markdownStyle={Object {}}
      style={
        Object {
          "color": "#ffffff",
          "padding": 20,
          "textAlign": "center",
        }
      }
      type="h2"
    >
      We can't find a good connection - please try again when you connection is restored
    </Text>
  </View>
  <ContentPadding
    padding={Object {}}
    style={
      Object {
        "alignSelf": "stretch",
        "minHeight": 48,
      }
    }
  >
    <Button
      disabled={false}
      onPress={[Function]}
    >
      Try again
    </Button>
  </ContentPadding>
</View>
`;

exports[`renders correctly when with no data and loading 1`] = `
<View
  style={
    Object {
      "bottom": "10%",
      "position": "absolute",
    }
  }
>
  <View>
    <Text
      color="blackColor"
      markdown={false}
      markdownStyle={Object {}}
      style={
        Object {
          "color": "#ffffff",
          "textAlign": "center",
        }
      }
      type="h1"
    >
      It's not you, it's wifi!
    </Text>
  </View>
  <View
    style={Object {}}
  >
    <Text
      color="blackColor"
      markdown={false}
      markdownStyle={Object {}}
      style={
        Object {
          "color": "#ffffff",
          "padding": 20,
          "textAlign": "center",
        }
      }
      type="h2"
    >
      We can't find a good connection - please try again when you connection is restored
    </Text>
  </View>
  <ContentPadding
    padding={Object {}}
    style={
      Object {
        "alignSelf": "stretch",
        "minHeight": 48,
      }
    }
  >
    <Button
      disabled={false}
      onPress={[Function]}
    >
      Try again
    </Button>
  </ContentPadding>
</View>
`;
