// Jest Snapshot v1, https://goo.gl/fbAQLP

exports[`ConnectedFilterHeader renders component 1`] = `
<View
  accessibilityTraits={
    Array [
      "header",
    ]
  }
  style={
    Object {
      "backgroundColor": "rgb(45, 47, 127)",
    }
  }
>
  <ContentPadding
    padding={Object {}}
    style={Object {}}
  >
    <View>
      <ResetAllFiltersButton
        animationDelay={0}
        animationTime={300}
        onPress={[Function]}
        visible={false}
      />
      <View
        style={
          Object {
            "marginTop": 16,
            "paddingBottom": 12,
          }
        }
        testID="event-filter-header"
      >
        <FilterHeaderCategories
          selectedCategories={Set {}}
        />
      </View>
    </View>
  </ContentPadding>
  <View
    style={
      Object {
        "backgroundColor": "#20215a",
        "flexDirection": "row",
        "height": 48,
        "justifyContent": "space-between",
      }
    }
  >
    <FilterHeaderButton
      active={false}
      badgeValue={null}
      label="filter by date: Select dates"
      style={
        Object {
          "flex": 1,
        }
      }
      testID="open-date-filters-button"
      text="Select dates"
    />
    <View
      style={
        Object {
          "borderColor": "#ffffff",
          "borderLeftWidth": 1,
          "opacity": 0.4,
        }
      }
    />
    <FilterHeaderButton
      active={false}
      badgeValue={null}
      label="Filter by area, price..."
      style={
        Object {
          "flex": 1,
        }
      }
      testID="open-area-and-price-filters-button"
      text="Filter by area, price..."
    />
  </View>
</View>
`;

exports[`ConnectedFilterHeader renders connector 1`] = `
<FilterHeader
  dateFilter={null}
  numTagFiltersSelected={0}
  resetAllFiltersPress={[Function]}
  selectedCategories={Set {}}
  store={
    Object {
      "clearActions": [Function],
      "dispatch": [Function],
      "getActions": [Function],
      "getState": [Function],
      "replaceReducer": [Function],
      "subscribe": [Function],
    }
  }
  storeSubscription={
    Subscription {
      "listeners": Object {
        "clear": [Function],
        "get": [Function],
        "notify": [Function],
        "subscribe": [Function],
      },
      "onStateChange": [Function],
      "parentSub": undefined,
      "store": Object {
        "clearActions": [Function],
        "dispatch": [Function],
        "getActions": [Function],
        "getState": [Function],
        "replaceReducer": [Function],
        "subscribe": [Function],
      },
      "unsubscribe": [Function],
    }
  }
/>
`;
