// Jest Snapshot v1, https://goo.gl/fbAQLP

exports[`renders correctly 1`] = `
<View
  style={
    Object {
      "display": "flex",
    }
  }
>
  <View
    style={
      Object {
        "height": 50,
        "width": 50,
      }
    }
  />
  <LinearGradient
    colors={
      Array [
        "transparent",
        "rgba(0, 0, 0, 0.1)",
      ]
    }
    pointerEvents="none"
    style={
      Object {
        "height": 14,
        "left": 0,
        "position": "absolute",
        "top": -14,
        "width": "100%",
      }
    }
  />
</View>
`;
