// Jest Snapshot v1, https://goo.gl/fbAQLP

exports[`FilterScreen renders correctly 1`] = `
<withOrientation
  forceInset={
    Object {
      "bottom": "always",
      "top": "never",
    }
  }
  style={
    Object {
      "backgroundColor": "#ffffff",
      "flex": 1,
    }
  }
>
  <Header
    onBackPress={[Function]}
    onClearPress={[Function]}
    showClear={false}
  />
  <ShadowedScrollView
    bottomShadow={true}
    shadowOpacity={0.6}
    style={
      Object {
        "backgroundColor": "#ffffff",
        "flex": 1,
      }
    }
    topShadow={true}
  >
    <FilterSectionList
      eventFilters={
        Object {
          "price": Set {},
        }
      }
      handleCheckboxChange={[Function]}
    />
  </ShadowedScrollView>
  <View
    style={
      Object {
        "backgroundColor": "#ffffff",
        "paddingVertical": 12,
      }
    }
  >
    <ContentPadding
      padding={Object {}}
      style={Object {}}
    >
      <Button
        accessibilityLabel="Show 26 selected events"
        disabled={false}
        onPress={[Function]}
        testID="apply-area-and-price-filter-button"
      >
        Show 26 events
      </Button>
    </ContentPadding>
  </View>
</withOrientation>
`;
