// Jest Snapshot v1, https://goo.gl/fbAQLP

exports[`FilterSectionList renders correctly 1`] = `
<Fragment>
  <SectionHeader
    badgeValue={1}
    hasShadow={false}
    title="Price"
  />
  <ScreenSizeProvider>
    <Component />
  </ScreenSizeProvider>
</Fragment>
`;
